// Jest Snapshot v1, https://goo.gl/fbAQLP

exports[`HelloWorld it renders correctly 1`] = `null`;
