// Jest Snapshot v1, https://goo.gl/fbAQLP

exports[`Header Tests the rendering of components 1`] = `"MealDetail"`;

exports[`HelloWorld it renders correctly 1`] = `null`;
